R0 (B) cold exact @16/64/128/256: 16:25.2 64:36.1 128:37.5 256:37.7 (171s)
R0 (A) inner cycles K=2: exact @16 1.4 @64 1.6 (base @64 36.1; gained 0 lost 177) (299s)
R0 (A) inner cycles K=3: exact @16 1.4 @64 1.4 (base @64 36.1; gained 0 lost 178) (468s)
R0 (I) readout temperature 1.5: exact @64 1.4 (gained 0 lost 178)
R0 (I) readout temperature 2.0: exact @64 1.4 (gained 0 lost 178)
R0 (I) readout temperature 0.7: exact @64 31.1 (gained 36 lost 62)
R0 (D) kick eps.2 keep-z: rescue of t64 failures per kick 5.7%, any of 8 kicks 13.8% (n_unsolved 327) (1003s)
R0 (D) kick eps.5 keep-z: rescue of t64 failures per kick 6.1%, any of 8 kicks 16.8% (n_unsolved 327) (1322s)
R0 (D) kick eps.2 reset-z: rescue of t64 failures per kick 8.4%, any of 8 kicks 12.5% (n_unsolved 327) (1640s)
R0 (D) kick full VOID reset-z (= cold restart control): rescue of t64 failures per kick 3.7%, any of 8 kicks 3.7% (n_unsolved 327) (1957s)
B0vsel (B) cold exact @16/64/128/256: 16:33.6 64:44.1 128:44.7 256:44.9 (160s)
B0vsel (A) inner cycles K=2: exact @16 1.2 @64 1.2 (base @64 44.1; gained 0 lost 220) (238s)
B0vsel (A) inner cycles K=3: exact @16 0.4 @64 0.4 (base @64 44.1; gained 0 lost 224) (357s)
B0vsel (I) readout temperature 1.5: exact @64 6.1 (gained 0 lost 195)
B0vsel (I) readout temperature 2.0: exact @64 1.4 (gained 0 lost 219)
B0vsel (I) readout temperature 0.7: exact @64 35.4 (gained 25 lost 70)
B0vsel (D) kick eps.2 keep-z: rescue of t64 failures per kick 4.8%, any of 8 kicks 9.4% (n_unsolved 286) (790s)
B0vsel (D) kick eps.5 keep-z: rescue of t64 failures per kick 5.1%, any of 8 kicks 9.1% (n_unsolved 286) (1105s)
B0vsel (D) kick eps.2 reset-z: rescue of t64 failures per kick 4.3%, any of 8 kicks 8.4% (n_unsolved 286) (1425s)
B0vsel (D) kick full VOID reset-z (= cold restart control): rescue of t64 failures per kick 4.2%, any of 8 kicks 4.2% (n_unsolved 286) (1737s)
R0 fresh random-init draws on the 20k (reference): rescue of cold failures by any of 8 draws 12.2%, by any of 128 21.8%
GROUND4-DONE
